// Jest Snapshot v1, https://goo.gl/fbAQLP

exports[`Render should render component 1`] = `
<div
  className="css-1q8dxo2"
>
  <div
    className="panel-container css-e4b3m6"
  >
    <AddPanelWidgetHandle
      onCancel={[Function]}
      styles={
        Object {
          "actionsRow": "css-ljasax",
          "actionsWrapper": "css-1o50p8p",
          "backButton": "css-1cdxa9p",
          "callToAction": "css-e4b3m6",
          "columnGap": "css-17liqu1",
          "headerRow": "css-3sdqvi",
          "noMargin": "css-u023fv",
          "rowGap": "css-nq2ff",
          "wrapper": "css-1q8dxo2",
        }
      }
    >
      Add panel
    </AddPanelWidgetHandle>
    <div
      className="css-1o50p8p"
    >
      <div
        className="css-1kdttde"
      >
        <div
          aria-label="Add new panel"
          onClick={[Function]}
        >
          <Icon
            name="file-blank"
            size="xl"
          />
          Add an empty panel
        </div>
        <div
          className="css-nq2ff"
          onClick={[Function]}
        >
          <Icon
            name="wrap-text"
            size="xl"
          />
          Add a new row
        </div>
      </div>
      <div
        className="css-ljasax"
      >
        <div
          onClick={[Function]}
        >
          <Icon
            name="book-open"
            size="xl"
          />
          Add a panel from the panel library
        </div>
      </div>
    </div>
  </div>
</div>
`;
